Copyright 1986-2015 Xilinx, Inc. All Rights Reserved.
-----------------------------------------------------------------------------------------
| Tool Version : Vivado v.2015.4 (win64) Build 1412921 Wed Nov 18 09:43:45 MST 2015
| Date         : Tue Apr 24 21:59:40 2018
| Host         : HP running 64-bit Service Pack 1  (build 7601)
| Command      : report_control_sets -verbose -file rx_top_level_control_sets_placed.rpt
| Design       : rx_top_level
| Device       : xc7z010
-----------------------------------------------------------------------------------------

Control Set Information

Table of Contents
-----------------
1. Summary
2. Flip-Flop Distribution
3. Detailed Control Set Information

1. Summary
----------

+-------------------------------------------------------------------+-------+
|                               Status                              | Count |
+-------------------------------------------------------------------+-------+
| Number of unique control sets                                     |    97 |
| Minimum Number of register sites lost to control set restrictions |   565 |
+-------------------------------------------------------------------+-------+


2. Flip-Flop Distribution
-------------------------

+--------------+-----------------------+------------------------+-----------------+--------------+
| Clock Enable | Synchronous Set/Reset | Asynchronous Set/Reset | Total Registers | Total Slices |
+--------------+-----------------------+------------------------+-----------------+--------------+
| No           | No                    | No                     |              19 |           11 |
| No           | No                    | Yes                    |               0 |            0 |
| No           | Yes                   | No                     |            1070 |          382 |
| Yes          | No                    | No                     |               0 |            0 |
| Yes          | No                    | Yes                    |               0 |            0 |
| Yes          | Yes                   | No                     |            1738 |          590 |
+--------------+-----------------------+------------------------+-----------------+--------------+


3. Detailed Control Set Information
-----------------------------------

+--------------------+---------------------------------------------------------------------------------------------------+-----------------------------------------------------------------------------------+------------------+----------------+
|    Clock Signal    |                                           Enable Signal                                           |                                  Set/Reset Signal                                 | Slice Load Count | Bel Load Count |
+--------------------+---------------------------------------------------------------------------------------------------+-----------------------------------------------------------------------------------+------------------+----------------+
|  crx_clk_IBUF_BUFG | rx_correlator_0/genblk1[11].rhighest_sample_reg[11][0][0]                                         | rx_peak_identification_0/genblk1[15].rtimestamp[15][4]_i_1_n_0                    |                2 |              4 |
|  crx_clk_IBUF_BUFG | rx_correlator_0/genblk1[10].rhighest_sample_reg[10][0][0]                                         | rx_peak_identification_0/genblk1[15].rtimestamp[15][4]_i_1_n_0                    |                2 |              4 |
|  crx_clk_IBUF_BUFG | rx_correlator_0/genblk1[0].rhighest_sample_reg[0][0][0]                                           | rx_peak_identification_0/genblk1[15].rtimestamp[15][4]_i_1_n_0                    |                2 |              4 |
|  crx_clk_IBUF_BUFG | rx_correlator_0/genblk1[9].rhighest_sample_reg[9][0][0]                                           | rx_peak_identification_0/genblk1[15].rtimestamp[15][4]_i_1_n_0                    |                1 |              4 |
|  crx_clk_IBUF_BUFG | rx_correlator_0/genblk1[8].rhighest_sample_reg[8][0][0]                                           | rx_peak_identification_0/genblk1[15].rtimestamp[15][4]_i_1_n_0                    |                1 |              4 |
|  crx_clk_IBUF_BUFG | rx_correlator_0/genblk1[7].rhighest_sample_reg[7][0][0]                                           | rx_peak_identification_0/genblk1[15].rtimestamp[15][4]_i_1_n_0                    |                4 |              4 |
|  crx_clk_IBUF_BUFG | rx_correlator_0/genblk1[6].rhighest_sample_reg[6][0][0]                                           | rx_peak_identification_0/genblk1[15].rtimestamp[15][4]_i_1_n_0                    |                1 |              4 |
|  crx_clk_IBUF_BUFG | rx_correlator_0/genblk1[1].rhighest_sample_reg[1][0][0]                                           | rx_peak_identification_0/genblk1[15].rtimestamp[15][4]_i_1_n_0                    |                2 |              4 |
|  crx_clk_IBUF_BUFG | rx_correlator_0/genblk1[4].rhighest_sample_reg[4][0][0]                                           | rx_peak_identification_0/genblk1[15].rtimestamp[15][4]_i_1_n_0                    |                3 |              4 |
|  crx_clk_IBUF_BUFG | rx_correlator_0/genblk1[14].rhighest_sample_reg[14][0][0]                                         | rx_peak_identification_0/genblk1[15].rtimestamp[15][4]_i_1_n_0                    |                2 |              4 |
|  crx_clk_IBUF_BUFG | rx_correlator_0/genblk1[2].rhighest_sample_reg[2][0][0]                                           | rx_peak_identification_0/genblk1[15].rtimestamp[15][4]_i_1_n_0                    |                2 |              4 |
|  crx_clk_IBUF_BUFG | rx_correlator_0/genblk1[13].rhighest_sample_reg[13][0][0]                                         | rx_peak_identification_0/genblk1[15].rtimestamp[15][4]_i_1_n_0                    |                1 |              4 |
|  crx_clk_IBUF_BUFG | rx_correlator_0/genblk1[5].rhighest_sample_reg[5][0][0]                                           | rx_peak_identification_0/genblk1[15].rtimestamp[15][4]_i_1_n_0                    |                4 |              4 |
|  crx_clk_IBUF_BUFG | rx_correlator_0/genblk1[3].rhighest_sample_reg[3][0][0]                                           | rx_peak_identification_0/genblk1[15].rtimestamp[15][4]_i_1_n_0                    |                2 |              4 |
|  crx_clk_IBUF_BUFG | rx_correlator_0/genblk1[15].rhighest_sample_reg[15][0][0]                                         | rx_peak_identification_0/genblk1[15].rtimestamp[15][4]_i_1_n_0                    |                2 |              4 |
|  crx_clk_IBUF_BUFG |                                                                                                   | rx_peak_identification_0/rcounter_4bit[3]_i_1_n_0                                 |                2 |              4 |
|  crx_clk_IBUF_BUFG | rx_correlator_0/genblk1[12].rhighest_sample_reg[12][0][0]                                         | rx_peak_identification_0/genblk1[15].rtimestamp[15][4]_i_1_n_0                    |                2 |              4 |
|  crx_clk_IBUF_BUFG | rx_band_pass_filter_0/E[0]                                                                        | rx_samples_organizer_0/rram_cycle_counter[4]_i_1_n_0                              |                2 |              5 |
|  crx_clk_IBUF_BUFG | rx_correlator_0/rx_sequences_bits_feader_0/rread_address[7]_i_2_n_0                               | rx_correlator_0/rx_sequences_bits_feader_0/rread_address_reg[0]_0                 |                3 |              8 |
|  crx_clk_IBUF_BUFG |                                                                                                   | rx_samples_organizer_0/rx_BRAM_internal_controller_16/rrd_addr_RAM[8]_i_1__15_n_0 |                6 |              9 |
|  crx_clk_IBUF_BUFG |                                                                                                   | rx_samples_organizer_0/rx_BRAM_internal_controller_0/rrd_addr_RAM[8]_i_1_n_0      |                6 |              9 |
|  crx_clk_IBUF_BUFG |                                                                                                   | rx_samples_organizer_0/rx_BRAM_internal_controller_13/rrd_addr_RAM[8]_i_1__12_n_0 |                6 |              9 |
|  crx_clk_IBUF_BUFG |                                                                                                   | rx_samples_organizer_0/rx_BRAM_internal_controller_14/rrd_addr_RAM[8]_i_1__13_n_0 |                6 |              9 |
|  crx_clk_IBUF_BUFG |                                                                                                   | rx_samples_organizer_0/rx_BRAM_internal_controller_1/rrd_addr_RAM[8]_i_1__0_n_0   |                6 |              9 |
|  crx_clk_IBUF_BUFG |                                                                                                   | rx_samples_organizer_0/rx_BRAM_internal_controller_10/rrd_addr_RAM[8]_i_1__9_n_0  |                6 |              9 |
|  crx_clk_IBUF_BUFG |                                                                                                   | rx_samples_organizer_0/rx_BRAM_internal_controller_19/rrd_addr_RAM[8]_i_1__18_n_0 |                7 |              9 |
|  crx_clk_IBUF_BUFG |                                                                                                   | rx_samples_organizer_0/rx_BRAM_internal_controller_2/rrd_addr_RAM[8]_i_1__1_n_0   |                6 |              9 |
|  crx_clk_IBUF_BUFG |                                                                                                   | rx_samples_organizer_0/rx_BRAM_internal_controller_15/rrd_addr_RAM[8]_i_1__14_n_0 |                7 |              9 |
|  crx_clk_IBUF_BUFG |                                                                                                   | rx_samples_organizer_0/rx_BRAM_internal_controller_3/rrd_addr_RAM[8]_i_1__2_n_0   |                4 |              9 |
|  crx_clk_IBUF_BUFG |                                                                                                   | rx_samples_organizer_0/rx_BRAM_internal_controller_4/rrd_addr_RAM[8]_i_1__3_n_0   |                5 |              9 |
|  crx_clk_IBUF_BUFG |                                                                                                   | rx_samples_organizer_0/rx_BRAM_internal_controller_5/rrd_addr_RAM[8]_i_1__4_n_0   |                5 |              9 |
|  crx_clk_IBUF_BUFG |                                                                                                   | rx_samples_organizer_0/rx_BRAM_internal_controller_6/rrd_addr_RAM[8]_i_1__5_n_0   |                5 |              9 |
|  crx_clk_IBUF_BUFG |                                                                                                   | rx_samples_organizer_0/rx_BRAM_internal_controller_8/rrd_addr_RAM[8]_i_1__7_n_0   |                5 |              9 |
|  crx_clk_IBUF_BUFG |                                                                                                   | rx_samples_organizer_0/rx_BRAM_internal_controller_9/rrd_addr_RAM[8]_i_1__8_n_0   |                6 |              9 |
|  crx_clk_IBUF_BUFG |                                                                                                   | rx_samples_organizer_0/rx_BRAM_internal_controller_11/rrd_addr_RAM[8]_i_1__10_n_0 |                5 |              9 |
|  crx_clk_IBUF_BUFG |                                                                                                   | rx_samples_organizer_0/rx_BRAM_internal_controller_12/rrd_addr_RAM[8]_i_1__11_n_0 |                6 |              9 |
|  crx_clk_IBUF_BUFG |                                                                                                   | rx_samples_organizer_0/rx_BRAM_internal_controller_17/rrd_addr_RAM[8]_i_1__16_n_0 |                5 |              9 |
|  crx_clk_IBUF_BUFG |                                                                                                   | rx_samples_organizer_0/rx_BRAM_internal_controller_18/rrd_addr_RAM[8]_i_1__17_n_0 |                5 |              9 |
|  crx_clk_IBUF_BUFG |                                                                                                   | rx_samples_organizer_0/rx_BRAM_internal_controller_7/rrd_addr_RAM[8]_i_1__6_n_0   |                7 |              9 |
|  crx_clk_IBUF_BUFG | rx_samples_organizer_0/rx_BRAM_internal_controller_3/rx_BRAM_16_510_filtered_samples_0/ram_reg_0  | rrx_rst_IBUF                                                                      |                3 |              9 |
|  crx_clk_IBUF_BUFG | rx_samples_organizer_0/rx_BRAM_internal_controller_14/rx_BRAM_16_510_filtered_samples_0/E[0]      | rrx_rst_IBUF                                                                      |                4 |              9 |
|  crx_clk_IBUF_BUFG | rx_samples_organizer_0/rx_BRAM_internal_controller_15/rx_BRAM_16_510_filtered_samples_0/ram_reg_0 | rrx_rst_IBUF                                                                      |                3 |              9 |
|  crx_clk_IBUF_BUFG | rx_samples_organizer_0/rx_BRAM_internal_controller_0/rx_BRAM_16_510_filtered_samples_0/E[0]       | rrx_rst_IBUF                                                                      |                3 |              9 |
|  crx_clk_IBUF_BUFG | rx_samples_organizer_0/rx_BRAM_internal_controller_1/rx_BRAM_16_510_filtered_samples_0/ram_reg_0  | rrx_rst_IBUF                                                                      |                3 |              9 |
|  crx_clk_IBUF_BUFG | rx_samples_organizer_0/rx_BRAM_internal_controller_10/rx_BRAM_16_510_filtered_samples_0/ram_reg_0 | rrx_rst_IBUF                                                                      |                4 |              9 |
|  crx_clk_IBUF_BUFG | rx_samples_organizer_0/rx_BRAM_internal_controller_19/rx_BRAM_16_510_filtered_samples_0/E[0]      | rrx_rst_IBUF                                                                      |                5 |              9 |
|  crx_clk_IBUF_BUFG | rx_samples_organizer_0/rx_BRAM_internal_controller_2/rx_BRAM_16_510_filtered_samples_0/E[0]       | rrx_rst_IBUF                                                                      |                3 |              9 |
|  crx_clk_IBUF_BUFG | rx_samples_organizer_0/rx_BRAM_internal_controller_16/rx_BRAM_16_510_filtered_samples_0/E[0]      | rrx_rst_IBUF                                                                      |                4 |              9 |
|  crx_clk_IBUF_BUFG | rx_samples_organizer_0/rx_BRAM_internal_controller_4/rx_BRAM_16_510_filtered_samples_0/E[0]       | rrx_rst_IBUF                                                                      |                4 |              9 |
|  crx_clk_IBUF_BUFG | rx_samples_organizer_0/rx_BRAM_internal_controller_5/rx_BRAM_16_510_filtered_samples_0/ram_reg_0  | rrx_rst_IBUF                                                                      |                3 |              9 |
|  crx_clk_IBUF_BUFG | rx_samples_organizer_0/rx_BRAM_internal_controller_6/rx_BRAM_16_510_filtered_samples_0/E[0]       | rrx_rst_IBUF                                                                      |                4 |              9 |
|  crx_clk_IBUF_BUFG | rx_samples_organizer_0/rx_BRAM_internal_controller_7/rx_BRAM_16_510_filtered_samples_0/E[0]       | rrx_rst_IBUF                                                                      |                3 |              9 |
|  crx_clk_IBUF_BUFG | rx_samples_organizer_0/rx_BRAM_internal_controller_8/rx_BRAM_16_510_filtered_samples_0/ram_reg_0  | rrx_rst_IBUF                                                                      |                3 |              9 |
|  crx_clk_IBUF_BUFG | rx_samples_organizer_0/rx_BRAM_internal_controller_9/rx_BRAM_16_510_filtered_samples_0/ram_reg_0  | rrx_rst_IBUF                                                                      |                5 |              9 |
|  crx_clk_IBUF_BUFG | rx_samples_organizer_0/rx_BRAM_internal_controller_11/rx_BRAM_16_510_filtered_samples_0/ram_reg_0 | rrx_rst_IBUF                                                                      |                4 |              9 |
|  crx_clk_IBUF_BUFG | rx_samples_organizer_0/rx_BRAM_internal_controller_12/rx_BRAM_16_510_filtered_samples_0/E[0]      | rrx_rst_IBUF                                                                      |                5 |              9 |
|  crx_clk_IBUF_BUFG | rx_samples_organizer_0/rx_BRAM_internal_controller_13/rx_BRAM_16_510_filtered_samples_0/ram_reg_0 | rrx_rst_IBUF                                                                      |                3 |              9 |
|  crx_clk_IBUF_BUFG | rx_samples_organizer_0/rx_BRAM_internal_controller_17/rx_BRAM_16_510_filtered_samples_0/E[0]      | rrx_rst_IBUF                                                                      |                3 |              9 |
|  crx_clk_IBUF_BUFG | rx_samples_organizer_0/rx_BRAM_internal_controller_18/rx_BRAM_16_510_filtered_samples_0/E[0]      | rrx_rst_IBUF                                                                      |                4 |              9 |
|  crx_clk_IBUF_BUFG | rx_correlator_0/wcorrelator_trigger                                                               | rx_peak_identification_0/rsearch_window_samples_counter[0]_i_1_n_0                |                4 |             16 |
|  crx_clk_IBUF_BUFG | rx_band_pass_filter_0/E[0]                                                                        | rx_correlator_0/rx_sequences_bits_feader_0/rcorrelation_units_sum_4_reg[40]       |                4 |             16 |
|  crx_clk_IBUF_BUFG |                                                                                                   |                                                                                   |               11 |             19 |
|  crx_clk_IBUF_BUFG |                                                                                                   | rx_band_pass_filter_0/rmulti_result_reg_i_1__0_n_0                                |               11 |             19 |
|  crx_clk_IBUF_BUFG | rx_low_pass_filter_0/rx_BRAM_16_128_0/E[0]                                                        | rx_correlator_0/rx_sequences_bits_feader_0/rcorrelation_units_sum_4_reg[40]       |                7 |             23 |
|  crx_clk_IBUF_BUFG | rx_band_pass_filter_0/rx_BRAM_16_512_0/E[0]                                                       | rx_band_pass_filter_0/rmulti_result_reg_i_1__0_n_0                                |               10 |             25 |
|  crx_clk_IBUF_BUFG |                                                                                                   | rx_low_pass_filter_0/rfiltered_sample_acum[0]_i_1_n_0                             |                7 |             26 |
|  crx_clk_IBUF_BUFG |                                                                                                   | rx_band_pass_filter_0/rfiltered_sample_acum[0]_i_1__0_n_0                         |                7 |             26 |
|  crx_clk_IBUF_BUFG |                                                                                                   | rx_correlator_0/rx_correlation_unit_1/oresult_0[16]_i_1__0_n_0                    |               10 |             34 |
|  crx_clk_IBUF_BUFG |                                                                                                   | rx_correlator_0/rx_correlation_unit_0/oresult_0[16]_i_1_n_0                       |               11 |             34 |
|  crx_clk_IBUF_BUFG |                                                                                                   | rx_correlator_0/rx_correlation_unit_2/oresult_0[16]_i_1__1_n_0                    |               15 |             34 |
|  crx_clk_IBUF_BUFG |                                                                                                   | rx_correlator_0/rx_correlation_unit_3/oresult_0[16]_i_1__2_n_0                    |               12 |             34 |
|  crx_clk_IBUF_BUFG |                                                                                                   | rx_correlator_0/rx_correlation_unit_4/oresult_0[16]_i_1__3_n_0                    |               11 |             34 |
|  crx_clk_IBUF_BUFG |                                                                                                   | rx_correlator_0/rx_correlation_unit_5/oresult_0[16]_i_1__4_n_0                    |               11 |             34 |
|  crx_clk_IBUF_BUFG |                                                                                                   | rx_correlator_0/rx_correlation_unit_7/oresult_0[16]_i_1__6_n_0                    |               12 |             34 |
|  crx_clk_IBUF_BUFG |                                                                                                   | rx_correlator_0/rx_correlation_unit_8/oresult_0[16]_i_1__7_n_0                    |               14 |             34 |
|  crx_clk_IBUF_BUFG |                                                                                                   | rx_correlator_0/rx_correlation_unit_9/oresult_0[16]_i_1__8_n_0                    |               12 |             34 |
|  crx_clk_IBUF_BUFG |                                                                                                   | rx_correlator_0/rx_correlation_unit_6/oresult_0[16]_i_1__5_n_0                    |               14 |             34 |
|  crx_clk_IBUF_BUFG | new_sample_trig_delay_1_reg_n_0                                                                   | rrx_rst_IBUF                                                                      |               18 |             40 |
|  crx_clk_IBUF_BUFG | rx_correlator_0/genblk1[2].rhighest_sample_reg[2][0][0]                                           | rx_peak_identification_0/genblk1[15].rhighest_sample[15][40]_i_1_n_0              |               21 |             41 |
|  crx_clk_IBUF_BUFG | rx_correlator_0/genblk1[8].rhighest_sample_reg[8][0][0]                                           | rx_peak_identification_0/genblk1[15].rhighest_sample[15][40]_i_1_n_0              |               13 |             41 |
|  crx_clk_IBUF_BUFG | rx_correlator_0/genblk1[14].rhighest_sample_reg[14][0][0]                                         | rx_peak_identification_0/genblk1[15].rhighest_sample[15][40]_i_1_n_0              |                9 |             41 |
|  crx_clk_IBUF_BUFG | rx_correlator_0/genblk1[9].rhighest_sample_reg[9][0][0]                                           | rx_peak_identification_0/genblk1[15].rhighest_sample[15][40]_i_1_n_0              |               15 |             41 |
|  crx_clk_IBUF_BUFG | rx_correlator_0/genblk1[3].rhighest_sample_reg[3][0][0]                                           | rx_peak_identification_0/genblk1[15].rhighest_sample[15][40]_i_1_n_0              |               13 |             41 |
|  crx_clk_IBUF_BUFG | rx_correlator_0/genblk1[1].rhighest_sample_reg[1][0][0]                                           | rx_peak_identification_0/genblk1[15].rhighest_sample[15][40]_i_1_n_0              |               20 |             41 |
|  crx_clk_IBUF_BUFG | rx_correlator_0/genblk1[13].rhighest_sample_reg[13][0][0]                                         | rx_peak_identification_0/genblk1[15].rhighest_sample[15][40]_i_1_n_0              |               14 |             41 |
|  crx_clk_IBUF_BUFG | rx_correlator_0/genblk1[0].rhighest_sample_reg[0][0][0]                                           | rx_peak_identification_0/genblk1[15].rhighest_sample[15][40]_i_1_n_0              |               16 |             41 |
|  crx_clk_IBUF_BUFG | rx_correlator_0/genblk1[4].rhighest_sample_reg[4][0][0]                                           | rx_peak_identification_0/genblk1[15].rhighest_sample[15][40]_i_1_n_0              |               12 |             41 |
|  crx_clk_IBUF_BUFG | rx_correlator_0/genblk1[10].rhighest_sample_reg[10][0][0]                                         | rx_peak_identification_0/genblk1[15].rhighest_sample[15][40]_i_1_n_0              |               13 |             41 |
|  crx_clk_IBUF_BUFG | rx_correlator_0/genblk1[12].rhighest_sample_reg[12][0][0]                                         | rx_peak_identification_0/genblk1[15].rhighest_sample[15][40]_i_1_n_0              |               13 |             41 |
|  crx_clk_IBUF_BUFG | rx_correlator_0/genblk1[5].rhighest_sample_reg[5][0][0]                                           | rx_peak_identification_0/genblk1[15].rhighest_sample[15][40]_i_1_n_0              |               15 |             41 |
|  crx_clk_IBUF_BUFG | rx_correlator_0/genblk1[6].rhighest_sample_reg[6][0][0]                                           | rx_peak_identification_0/genblk1[15].rhighest_sample[15][40]_i_1_n_0              |               10 |             41 |
|  crx_clk_IBUF_BUFG | rx_correlator_0/genblk1[15].rhighest_sample_reg[15][0][0]                                         | rx_peak_identification_0/genblk1[15].rhighest_sample[15][40]_i_1_n_0              |               17 |             41 |
|  crx_clk_IBUF_BUFG | rx_correlator_0/genblk1[7].rhighest_sample_reg[7][0][0]                                           | rx_peak_identification_0/genblk1[15].rhighest_sample[15][40]_i_1_n_0              |               15 |             41 |
|  crx_clk_IBUF_BUFG | rx_correlator_0/genblk1[11].rhighest_sample_reg[11][0][0]                                         | rx_peak_identification_0/genblk1[15].rhighest_sample[15][40]_i_1_n_0              |               26 |             41 |
|  crx_clk_IBUF_BUFG | rx_peak_identification_0/o_sample_arm[40]_i_2_n_0                                                 | rx_correlator_0/rx_sequences_bits_feader_0/rcorrelation_units_sum_4_reg[40]       |               18 |             49 |
|  crx_clk_IBUF_BUFG |                                                                                                   | rx_correlator_0/rx_sequences_bits_feader_0/rcorrelation_units_sum_4_reg[40]       |              119 |            475 |
|  crx_clk_IBUF_BUFG | rx_correlator_0/rbit_ready_four_clk_delay                                                         | rx_correlator_0/rx_sequences_bits_feader_0/rread_address_reg[0]_0                 |              176 |            656 |
+--------------------+---------------------------------------------------------------------------------------------------+-----------------------------------------------------------------------------------+------------------+----------------+


